###############################################################################
#
# IAR ELF Linker V9.32.1.338/W64 for ARM                  07/Nov/2024  16:51:36
# Copyright 2007-2022 IAR Systems AB.
#
#    Output file  =
#        C:\T2G_Sample_Driver_Library_8.1.0\tviibh8m\tools\iar\flash\cm7_0_mc\rev_d\Exe\cm7_0.out
#    Map file     =
#        C:\T2G_Sample_Driver_Library_8.1.0\tviibh8m\tools\iar\flash\cm7_0_mc\rev_d\List\cm7_0.map
#    Command line =
#        -f
#        C:\T2G_Sample_Driver_Library_8.1.0\tviibh8m\tools\iar\flash\cm7_0_mc\rev_d\Exe\cm7_0.out.rsp
#        (C:\T2G_Sample_Driver_Library_8.1.0\tviibh8m\tools\iar\flash\cm7_0_mc\rev_d\Obj\src\drivers\adc\cy_adc.o
#        C:\T2G_Sample_Driver_Library_8.1.0\tviibh8m\tools\iar\flash\cm7_0_mc\rev_d\Obj\src\mw\aic261\cy_aic261.o
#        C:\T2G_Sample_Driver_Library_8.1.0\tviibh8m\tools\iar\flash\cm7_0_mc\rev_d\Obj\src\mw\button\cy_button.o
#        C:\T2G_Sample_Driver_Library_8.1.0\tviibh8m\tools\iar\flash\cm7_0_mc\rev_d\Obj\src\drivers\canfd\cy_canfd.o
#        C:\T2G_Sample_Driver_Library_8.1.0\tviibh8m\tools\iar\flash\cm7_0_mc\rev_d\Obj\src\drivers\cpu\cy_cpu.o
#        C:\T2G_Sample_Driver_Library_8.1.0\tviibh8m\tools\iar\flash\cm7_0_mc\rev_d\Obj\src\drivers\crypto\cy_crypto_config.o
#        C:\T2G_Sample_Driver_Library_8.1.0\tviibh8m\tools\iar\flash\cm7_0_mc\rev_d\Obj\src\mw\eth_phy\cy_dp83867.o
#        C:\T2G_Sample_Driver_Library_8.1.0\tviibh8m\tools\iar\flash\cm7_0_mc\rev_d\Obj\src\drivers\ethernet\cy_ethif.o
#        C:\T2G_Sample_Driver_Library_8.1.0\tviibh8m\tools\iar\flash\cm7_0_mc\rev_d\Obj\src\drivers\evtgen\cy_evtgen.o
#        C:\T2G_Sample_Driver_Library_8.1.0\tviibh8m\tools\iar\flash\cm7_0_mc\rev_d\Obj\src\drivers\flash\cy_flash.o
#        C:\T2G_Sample_Driver_Library_8.1.0\tviibh8m\tools\iar\flash\cm7_0_mc\rev_d\Obj\src\drivers\flexray\api\cy_fr_api_control_service.o
#        C:\T2G_Sample_Driver_Library_8.1.0\tviibh8m\tools\iar\flash\cm7_0_mc\rev_d\Obj\src\drivers\flexray\api\cy_fr_api_init.o
#        C:\T2G_Sample_Driver_Library_8.1.0\tviibh8m\tools\iar\flash\cm7_0_mc\rev_d\Obj\src\drivers\flexray\api\cy_fr_api_interrupt_service.o
#        C:\T2G_Sample_Driver_Library_8.1.0\tviibh8m\tools\iar\flash\cm7_0_mc\rev_d\Obj\src\drivers\flexray\api\cy_fr_api_rx_handler.o
#        C:\T2G_Sample_Driver_Library_8.1.0\tviibh8m\tools\iar\flash\cm7_0_mc\rev_d\Obj\src\drivers\flexray\api\cy_fr_api_status_service.o
#        C:\T2G_Sample_Driver_Library_8.1.0\tviibh8m\tools\iar\flash\cm7_0_mc\rev_d\Obj\src\drivers\flexray\api\cy_fr_api_time_service.o
#        C:\T2G_Sample_Driver_Library_8.1.0\tviibh8m\tools\iar\flash\cm7_0_mc\rev_d\Obj\src\drivers\flexray\api\cy_fr_api_timer_service.o
#        C:\T2G_Sample_Driver_Library_8.1.0\tviibh8m\tools\iar\flash\cm7_0_mc\rev_d\Obj\src\drivers\flexray\api\cy_fr_api_tx_handler.o
#        C:\T2G_Sample_Driver_Library_8.1.0\tviibh8m\tools\iar\flash\cm7_0_mc\rev_d\Obj\src\drivers\flexray\ccal\cy_fr_ccal_control_service.o
#        C:\T2G_Sample_Driver_Library_8.1.0\tviibh8m\tools\iar\flash\cm7_0_mc\rev_d\Obj\src\drivers\flexray\ccal\cy_fr_ccal_init.o
#        C:\T2G_Sample_Driver_Library_8.1.0\tviibh8m\tools\iar\flash\cm7_0_mc\rev_d\Obj\src\drivers\flexray\ccal\cy_fr_ccal_interrupt_service.o
#        C:\T2G_Sample_Driver_Library_8.1.0\tviibh8m\tools\iar\flash\cm7_0_mc\rev_d\Obj\src\drivers\flexray\ccal\cy_fr_ccal_rx_handler.o
#        C:\T2G_Sample_Driver_Library_8.1.0\tviibh8m\tools\iar\flash\cm7_0_mc\rev_d\Obj\src\drivers\flexray\ccal\cy_fr_ccal_status_service.o
#        C:\T2G_Sample_Driver_Library_8.1.0\tviibh8m\tools\iar\flash\cm7_0_mc\rev_d\Obj\src\drivers\flexray\ccal\cy_fr_ccal_time_service.o
#        C:\T2G_Sample_Driver_Library_8.1.0\tviibh8m\tools\iar\flash\cm7_0_mc\rev_d\Obj\src\drivers\flexray\ccal\cy_fr_ccal_timer_service.o
#        C:\T2G_Sample_Driver_Library_8.1.0\tviibh8m\tools\iar\flash\cm7_0_mc\rev_d\Obj\src\drivers\flexray\ccal\cy_fr_ccal_tx_handler.o
#        C:\T2G_Sample_Driver_Library_8.1.0\tviibh8m\tools\iar\flash\cm7_0_mc\rev_d\Obj\src\drivers\gpio\cy_gpio.o
#        C:\T2G_Sample_Driver_Library_8.1.0\tviibh8m\tools\iar\flash\cm7_0_mc\rev_d\Obj\src\drivers\audioss\cy_i2s.o
#        C:\T2G_Sample_Driver_Library_8.1.0\tviibh8m\tools\iar\flash\cm7_0_mc\rev_d\Obj\src\interrupts\rev_d\cy_interrupt_map.o
#        C:\T2G_Sample_Driver_Library_8.1.0\tviibh8m\tools\iar\flash\cm7_0_mc\rev_d\Obj\src\drivers\ipc\cy_ipc_drv.o
#        C:\T2G_Sample_Driver_Library_8.1.0\tviibh8m\tools\iar\flash\cm7_0_mc\rev_d\Obj\src\drivers\ipc\cy_ipc_pipe.o
#        C:\T2G_Sample_Driver_Library_8.1.0\tviibh8m\tools\iar\flash\cm7_0_mc\rev_d\Obj\src\drivers\ipc\cy_ipc_sema.o
#        C:\T2G_Sample_Driver_Library_8.1.0\tviibh8m\tools\iar\flash\cm7_0_mc\rev_d\Obj\src\drivers\lin\cy_lin.o
#        C:\T2G_Sample_Driver_Library_8.1.0\tviibh8m\tools\iar\flash\cm7_0_mc\rev_d\Obj\src\drivers\lvd\cy_lvd.o
#        C:\T2G_Sample_Driver_Library_8.1.0\tviibh8m\tools\iar\flash\cm7_0_mc\rev_d\Obj\src\drivers\mcwdt\cy_mcwdt.o
#        C:\T2G_Sample_Driver_Library_8.1.0\tviibh8m\tools\iar\flash\cm7_0_mc\rev_d\Obj\src\drivers\dma\cy_mdma.o
#        C:\T2G_Sample_Driver_Library_8.1.0\tviibh8m\tools\iar\flash\cm7_0_mc\rev_d\Obj\src\drivers\mpu\cy_mpu.o
#        C:\T2G_Sample_Driver_Library_8.1.0\tviibh8m\tools\iar\flash\cm7_0_mc\rev_d\Obj\src\mw\flash\cy_mw_flash.o
#        C:\T2G_Sample_Driver_Library_8.1.0\tviibh8m\tools\iar\flash\cm7_0_mc\rev_d\Obj\src\drivers\dma\cy_pdma.o
#        C:\T2G_Sample_Driver_Library_8.1.0\tviibh8m\tools\iar\flash\cm7_0_mc\rev_d\Obj\src\mw\power\cy_power.o
#        C:\T2G_Sample_Driver_Library_8.1.0\tviibh8m\tools\iar\flash\cm7_0_mc\rev_d\Obj\src\drivers\prot\cy_prot.o
#        C:\T2G_Sample_Driver_Library_8.1.0\tviibh8m\tools\iar\flash\cm7_0_mc\rev_d\Obj\src\drivers\scb\cy_scb_common.o
#        C:\T2G_Sample_Driver_Library_8.1.0\tviibh8m\tools\iar\flash\cm7_0_mc\rev_d\Obj\src\drivers\scb\cy_scb_ezi2c.o
#        C:\T2G_Sample_Driver_Library_8.1.0\tviibh8m\tools\iar\flash\cm7_0_mc\rev_d\Obj\src\drivers\scb\cy_scb_i2c.o
#        C:\T2G_Sample_Driver_Library_8.1.0\tviibh8m\tools\iar\flash\cm7_0_mc\rev_d\Obj\src\drivers\scb\cy_scb_spi.o
#        C:\T2G_Sample_Driver_Library_8.1.0\tviibh8m\tools\iar\flash\cm7_0_mc\rev_d\Obj\src\drivers\scb\cy_scb_uart.o
#        C:\T2G_Sample_Driver_Library_8.1.0\tviibh8m\tools\iar\flash\cm7_0_mc\rev_d\Obj\src\drivers\sd_host\cy_sd_host.o
#        C:\T2G_Sample_Driver_Library_8.1.0\tviibh8m\tools\iar\flash\cm7_0_mc\rev_d\Obj\src\mw\semihosting\cy_semihosting.o
#        C:\T2G_Sample_Driver_Library_8.1.0\tviibh8m\tools\iar\flash\cm7_0_mc\rev_d\Obj\src\drivers\smartio\cy_smartio.o
#        C:\T2G_Sample_Driver_Library_8.1.0\tviibh8m\tools\iar\flash\cm7_0_mc\rev_d\Obj\src\drivers\smif\cy_smif.o
#        C:\T2G_Sample_Driver_Library_8.1.0\tviibh8m\tools\iar\flash\cm7_0_mc\rev_d\Obj\src\mw\smif_mem\cy_smif_device_common.o
#        C:\T2G_Sample_Driver_Library_8.1.0\tviibh8m\tools\iar\flash\cm7_0_mc\rev_d\Obj\src\mw\smif_mem\cy_smif_hb_flash.o
#        C:\T2G_Sample_Driver_Library_8.1.0\tviibh8m\tools\iar\flash\cm7_0_mc\rev_d\Obj\src\drivers\smif\cy_smif_memslot.o
#        C:\T2G_Sample_Driver_Library_8.1.0\tviibh8m\tools\iar\flash\cm7_0_mc\rev_d\Obj\src\mw\smif_mem\cy_smif_s25fl.o
#        C:\T2G_Sample_Driver_Library_8.1.0\tviibh8m\tools\iar\flash\cm7_0_mc\rev_d\Obj\src\mw\smif_mem\cy_smif_s25fs.o
#        C:\T2G_Sample_Driver_Library_8.1.0\tviibh8m\tools\iar\flash\cm7_0_mc\rev_d\Obj\src\mw\smif_mem\cy_smif_semp.o
#        C:\T2G_Sample_Driver_Library_8.1.0\tviibh8m\tools\iar\flash\cm7_0_mc\rev_d\Obj\src\drivers\smif\cy_smif_ver_specific.o
#        C:\T2G_Sample_Driver_Library_8.1.0\tviibh8m\tools\iar\flash\cm7_0_mc\rev_d\Obj\src\drivers\srom\cy_srom.o
#        C:\T2G_Sample_Driver_Library_8.1.0\tviibh8m\tools\iar\flash\cm7_0_mc\rev_d\Obj\src\mw\sw_timer\cy_sw_tmr.o
#        C:\T2G_Sample_Driver_Library_8.1.0\tviibh8m\tools\iar\flash\cm7_0_mc\rev_d\Obj\src\drivers\sysclk\cy_sysclk.o
#        C:\T2G_Sample_Driver_Library_8.1.0\tviibh8m\tools\iar\flash\cm7_0_mc\rev_d\Obj\src\drivers\sysflt\cy_sysflt.o
#        C:\T2G_Sample_Driver_Library_8.1.0\tviibh8m\tools\iar\flash\cm7_0_mc\rev_d\Obj\src\drivers\sysint\cy_sysint.o
#        C:\T2G_Sample_Driver_Library_8.1.0\tviibh8m\tools\iar\flash\cm7_0_mc\rev_d\Obj\src\drivers\syslib\cy_syslib.o
#        C:\T2G_Sample_Driver_Library_8.1.0\tviibh8m\tools\iar\flash\cm7_0_mc\rev_d\Obj\src\drivers\syslib\cy_syslib_iar.o
#        C:\T2G_Sample_Driver_Library_8.1.0\tviibh8m\tools\iar\flash\cm7_0_mc\rev_d\Obj\src\drivers\syspm\cy_syspm.o
#        C:\T2G_Sample_Driver_Library_8.1.0\tviibh8m\tools\iar\flash\cm7_0_mc\rev_d\Obj\src\drivers\sysreghc\cy_sysreghc.o
#        C:\T2G_Sample_Driver_Library_8.1.0\tviibh8m\tools\iar\flash\cm7_0_mc\rev_d\Obj\src\drivers\sysreset\cy_sysreset.o
#        C:\T2G_Sample_Driver_Library_8.1.0\tviibh8m\tools\iar\flash\cm7_0_mc\rev_d\Obj\src\drivers\sysrtc\cy_sysrtc.o
#        C:\T2G_Sample_Driver_Library_8.1.0\tviibh8m\tools\iar\flash\cm7_0_mc\rev_d\Obj\src\drivers\systick\cy_systick.o
#        C:\T2G_Sample_Driver_Library_8.1.0\tviibh8m\tools\iar\flash\cm7_0_mc\rev_d\Obj\src\drivers\syswdt\cy_syswdt.o
#        C:\T2G_Sample_Driver_Library_8.1.0\tviibh8m\tools\iar\flash\cm7_0_mc\rev_d\Obj\src\drivers\tcpwm\cy_tcpwm.o
#        C:\T2G_Sample_Driver_Library_8.1.0\tviibh8m\tools\iar\flash\cm7_0_mc\rev_d\Obj\src\drivers\tcpwm\cy_tcpwm_counter.o
#        C:\T2G_Sample_Driver_Library_8.1.0\tviibh8m\tools\iar\flash\cm7_0_mc\rev_d\Obj\src\drivers\tcpwm\cy_tcpwm_pwm.o
#        C:\T2G_Sample_Driver_Library_8.1.0\tviibh8m\tools\iar\flash\cm7_0_mc\rev_d\Obj\src\drivers\tcpwm\cy_tcpwm_quaddec.o
#        C:\T2G_Sample_Driver_Library_8.1.0\tviibh8m\tools\iar\flash\cm7_0_mc\rev_d\Obj\src\drivers\tcpwm\cy_tcpwm_sr.o
#        C:\T2G_Sample_Driver_Library_8.1.0\tviibh8m\tools\iar\flash\cm7_0_mc\rev_d\Obj\src\drivers\trigmux\cy_trigmux.o
#        C:\T2G_Sample_Driver_Library_8.1.0\tviibh8m\tools\iar\flash\cm7_0_mc\rev_d\Obj\src\drivers\ethernet\edd.o
#        C:\T2G_Sample_Driver_Library_8.1.0\tviibh8m\tools\iar\flash\cm7_0_mc\rev_d\Obj\src\drivers\ethernet\edd_rx.o
#        C:\T2G_Sample_Driver_Library_8.1.0\tviibh8m\tools\iar\flash\cm7_0_mc\rev_d\Obj\src\drivers\ethernet\edd_tx.o
#        C:\T2G_Sample_Driver_Library_8.1.0\tviibh8m\tools\iar\flash\cm7_0_mc\rev_d\Obj\lw_eth_drivers\lw_eth.o
#        C:\T2G_Sample_Driver_Library_8.1.0\tviibh8m\tools\iar\flash\cm7_0_mc\rev_d\Obj\src\main_cm7_0.o
#        C:\T2G_Sample_Driver_Library_8.1.0\tviibh8m\tools\iar\flash\cm7_0_mc\rev_d\Obj\src\startup\startup.o
#        C:\T2G_Sample_Driver_Library_8.1.0\tviibh8m\tools\iar\flash\cm7_0_mc\rev_d\Obj\src\startup\startup_cm7.o
#        C:\T2G_Sample_Driver_Library_8.1.0\tviibh8m\tools\iar\flash\cm7_0_mc\rev_d\Obj\src\system\rev_d\system_tviibh8m_cm7.o
#        --no_out_extension -o
#        C:\T2G_Sample_Driver_Library_8.1.0\tviibh8m\tools\iar\flash\cm7_0_mc\rev_d\Exe\cm7_0.out
#        --config_def _CORE_cm7_0_=0 --config_def _LINK_flash_=0 --map
#        C:\T2G_Sample_Driver_Library_8.1.0\tviibh8m\tools\iar\flash\cm7_0_mc\rev_d\List\cm7_0.map
#        --config
#        C:\T2G_Sample_Driver_Library_8.1.0\tviibh8m\tools\iar\flash\cm7_0_mc\..\..\linker_directives_tviibh_rev_c.icf
#        --semihosting
#        C:\T2G_Sample_Driver_Library_8.1.0\tviibh8m\tools\iar\flash\cm7_0_mc\..\..\..\..\src\drivers\crypto\libs\libcrypto_client_cm7_0_iar.a
#        --entry __iar_program_start --vfe --text_out locale --cpu=Cortex-M7
#        --fpu=VFPv5_d16)
#
###############################################################################

*******************************************************************************
*** RUNTIME MODEL ATTRIBUTES
***

CppFlavor       = *
__CPP_Runtime   = 1
__SystemLibrary = DLib
__dlib_version  = 6


*******************************************************************************
*** HEAP SELECTION
***

The basic heap was selected because --advanced_heap
was not specified and the application did not appear to
be primarily optimized for speed.


*******************************************************************************
*** PLACEMENT SUMMARY
***

"A0":  place at start of [from 0x1008'0000 to 0x1027'ffff] { section .intvec };
"P1":  place in [from 0x1008'0000 to 0x1027'ffff] { ro };
"P2":  place in [from 0x2802'0000 to 0x2807'ffff] { rw };
define block HEAP with size = 1K, alignment = 8 { };
define block CSTACK with size = 8K, alignment = 8 { };
define block HEAP_STACK { block HEAP, last block CSTACK };
"A1":  place at end of [from 0x2802'0000 to 0x2807'ffff] { block HEAP_STACK };
do not initialize { section .intvec_ram };
initialize by copy { rw };

No sections matched the following patterns:

  ro section .sflash_app_prot  in "P6"
  ro section .sflash_nar       in "P4"
  ro section .sflash_pkey      in "P5"
  ro section .sflash_toc2      in "P7"
  ro section .sflash_uf_rows   in "P3"
  ro section .work_flash       in "P8"


  Section            Kind         Address      Size  Object
  -------            ----         -------      ----  ------
"A0":                                          0x80
  .intvec            ro code  0x1008'0000      0x80  startup_cm7.o [47]
                            - 0x1008'0080      0x80

"P1":                                        0x2a34
  .text              ro code  0x1008'0080     0xa7c  lw_eth.o [1]
  .text              ro code  0x1008'0afc      0x70  strncpy.o [51]
  .text              ro code  0x1008'0b6c      0xbc  cy_syslib.o [29]
  .text              ro code  0x1008'0c28      0x66  ABImemset.o [51]
  .text              ro code  0x1008'0c90      0x1e  cy_syslib_iar.o [29]
  .text              ro code  0x1008'0cae       0x2  cy_syslib.o [29]
  .text              ro code  0x1008'0cb0     0x8e8  cy_sysclk.o [26]
  .text              ro code  0x1008'1598      0x86  ABImemcpy.o [51]
  .text              ro code  0x1008'161e      0x7e  lz77_init_single.o [51]
  .text              ro code  0x1008'169c     0x230  I64DivMod.o [51]
  .text              ro code  0x1008'18cc       0x2  I64DivZer.o [51]
  .text              ro code  0x1008'18d0     0x38c  main_cm7_0.o [2]
  .text              ro code  0x1008'1c5c     0x150  system_tviibh8m_cm7.o [48]
  .text              ro code  0x1008'1dac     0x1a8  cy_gpio.o [14]
  .text              ro code  0x1008'1f54      0xac  cy_sysint.o [28]
  .text              ro code  0x1008'2000       0x8  startup_cm7.o [47]
  .text              ro code  0x1008'2008       0x6  startup_cm7.o [47]
  .text              ro code  0x1008'2010     0x204  startup.o [47]
  .text              ro code  0x1008'2214     0x198  cy_interrupt_map.o [38]
  .text              ro code  0x1008'23ac      0xb0  startup_cm7.o [47]
  .rodata            const    0x1008'245c      0x54  system_tviibh8m_cm7.o [48]
  .rodata            const    0x1008'24b0      0x4c  cy_sysclk.o [26]
  .rodata            const    0x1008'24fc      0x4c  cy_sysclk.o [26]
  .rodata            const    0x1008'2548      0x48  lw_eth.o [1]
  .text              ro code  0x1008'2590      0x38  zero_init3.o [51]
  .text              ro code  0x1008'25c8      0x28  data_init.o [51]
  .text              ro code  0x1008'25f0      0x22  fpinit_M.o [50]
  .iar.init_table    const    0x1008'2614      0x20  - Linker created -
  .text              ro code  0x1008'2634      0x20  startup_cm7.o [47]
  .text              ro code  0x1008'2654      0x1e  cmain.o [51]
  .text              ro code  0x1008'2674       0x4  startup_cm7.o [47]
  .text              ro code  0x1008'2678       0x4  exit.o [49]
  .text              ro code  0x1008'267c       0xa  cexit.o [51]
  .text              ro code  0x1008'2688      0x14  exit.o [52]
  .text              ro code  0x1008'269c      0x1c  startup_cm7.o [47]
  .text              ro code  0x1008'26b8      0x1c  cstartup_M.o [51]
  .rodata            const    0x1008'26d4      0x18  lw_eth.o [1]
  .rodata            const    0x1008'26ec      0x18  lw_eth.o [1]
  .rodata            const    0x1008'2704      0x18  lw_eth.o [1]
  .rodata            const    0x1008'271c      0x18  lw_eth.o [1]
  .rodata            const    0x1008'2734      0x18  lw_eth.o [1]
  .rodata            const    0x1008'274c      0x18  lw_eth.o [1]
  .rodata            const    0x1008'2764      0x18  startup.o [47]
  .rodata            const    0x1008'277c      0x18  system_tviibh8m_cm7.o [48]
  .text              ro code  0x1008'2794       0xc  cy_syslib.o [29]
  .rodata            const    0x1008'27a0       0x8  lw_eth.o [1]
  .rodata            const    0x1008'27a8       0x8  lw_eth.o [1]
  .rodata            const    0x1008'27b0       0x4  cy_interrupt_map.o [38]
  .rodata            const    0x1008'27b4       0x4  cy_interrupt_map.o [38]
  .rodata            const    0x1008'27b8       0x4  cy_interrupt_map.o [38]
  .rodata            const    0x1008'27bc       0x4  cy_interrupt_map.o [38]
  .rodata            const    0x1008'27c0       0x4  cy_interrupt_map.o [38]
  .rodata            const    0x1008'27c4       0x4  cy_interrupt_map.o [38]
  .rodata            const    0x1008'27c8       0x4  cy_interrupt_map.o [38]
  .rodata            const    0x1008'27cc       0x4  cy_interrupt_map.o [38]
  .rodata            const    0x1008'27d0       0x4  cy_sysint.o [28]
  .rodata            const    0x1008'27d4       0x4  cy_sysint.o [28]
  .rodata            const    0x1008'27d8       0x4  lw_eth.o [1]
  .rodata            const    0x1008'27dc       0x4  lw_eth.o [1]
  .rodata            const    0x1008'27e0       0x4  lw_eth.o [1]
  .rodata            const    0x1008'27e4       0x4  lw_eth.o [1]
  .rodata            const    0x1008'27e8       0x4  lw_eth.o [1]
  .rodata            const    0x1008'27ec       0x4  lw_eth.o [1]
  .rodata            const    0x1008'27f0       0x4  lw_eth.o [1]
  .rodata            const    0x1008'27f4       0x4  lw_eth.o [1]
  .rodata            const    0x1008'27f8       0x4  lw_eth.o [1]
  .rodata            const    0x1008'27fc       0x4  lw_eth.o [1]
  .rodata            const    0x1008'2800       0x4  lw_eth.o [1]
  .rodata            const    0x1008'2804       0x4  lw_eth.o [1]
  .text              ro code  0x1008'2808       0x4  startup_cm7.o [47]
  .text              ro code  0x1008'280c       0x4  startup_cm7.o [47]
  .text              ro code  0x1008'2810       0x4  startup_cm7.o [47]
  .text              ro code  0x1008'2814       0x4  startup_cm7.o [47]
  .text              ro code  0x1008'2818       0x4  startup_cm7.o [47]
  .text              ro code  0x1008'281c       0x4  startup_cm7.o [47]
  .text              ro code  0x1008'2820       0x4  startup_cm7.o [47]
  .text              ro code  0x1008'2824       0x4  startup_cm7.o [47]
  .text              ro code  0x1008'2828       0x4  startup_cm7.o [47]
  .text              ro code  0x1008'282c       0x4  startup_cm7.o [47]
  .text              ro code  0x1008'2830       0x4  startup_cm7.o [47]
  .text              ro code  0x1008'2834       0x4  startup_cm7.o [47]
  .text              ro code  0x1008'2838       0x4  startup_cm7.o [47]
  .text              ro code  0x1008'283c       0x4  startup_cm7.o [47]
  .text              ro code  0x1008'2840       0x4  startup_cm7.o [47]
  .rodata            const    0x1008'2844       0x0  zero_init3.o [51]
  .rodata            const    0x1008'2844       0x0  lz77_init_single.o [51]
  Initializer bytes  const    0x1008'2844      0x67  <for P2-1>
                            - 0x1008'28ab    0x282b

"P2", part 1 of 3:                           0x10ca
  P2-1                        0x2802'0000    0x10ca  <Init block>
    .data            inited   0x2802'0000     0x5e0  main_cm7_0.o [2]
    .data            inited   0x2802'05e0     0x8dc  cy_interrupt_map.o [38]
    .data            inited   0x2802'0ebc       0x4  cy_interrupt_map.o [38]
    .data            inited   0x2802'0ec0      0x34  main_cm7_0.o [2]
    .data            inited   0x2802'0ef4      0x34  main_cm7_0.o [2]
    .data            inited   0x2802'0f28      0x34  main_cm7_0.o [2]
    .data            inited   0x2802'0f5c      0x34  main_cm7_0.o [2]
    .data            inited   0x2802'0f90      0x34  main_cm7_0.o [2]
    .data            inited   0x2802'0fc4      0x34  main_cm7_0.o [2]
    .data            inited   0x2802'0ff8      0x34  main_cm7_0.o [2]
    .data            inited   0x2802'102c      0x34  main_cm7_0.o [2]
    .data            inited   0x2802'1060      0x34  main_cm7_0.o [2]
    .data            inited   0x2802'1094      0x34  main_cm7_0.o [2]
    .data            inited   0x2802'10c8       0x1  main_cm7_0.o [2]
    .data            inited   0x2802'10c9       0x1  main_cm7_0.o [2]
                            - 0x2802'10ca    0x10ca

"P2", part 2 of 3:                         0x1'3c88
  .bss               zero     0x2802'10cc    0x3c00  lw_eth.o [1]
  .bss               zero     0x2802'4ccc    0x3c00  lw_eth.o [1]
  .bss               zero     0x2802'88cc    0x3000  lw_eth.o [1]
  .bss               zero     0x2802'b8cc    0x3000  lw_eth.o [1]
  .bss               zero     0x2802'e8cc    0x3000  lw_eth.o [1]
  .bss               zero     0x2803'18cc    0x3000  lw_eth.o [1]
  .bss               zero     0x2803'48cc      0x70  cy_syslib.o [29]
  .bss               zero     0x2803'493c      0x64  main_cm7_0.o [2]
  .bss               zero     0x2803'49a0      0x50  lw_eth.o [1]
  .bss               zero     0x2803'49f0      0x50  lw_eth.o [1]
  .bss               zero     0x2803'4a40      0x50  lw_eth.o [1]
  .bss               zero     0x2803'4a90      0x40  lw_eth.o [1]
  .bss               zero     0x2803'4ad0      0x40  lw_eth.o [1]
  .bss               zero     0x2803'4b10      0x40  lw_eth.o [1]
  .bss               zero     0x2803'4b50      0x40  lw_eth.o [1]
  .bss               zero     0x2803'4b90      0x40  lw_eth.o [1]
  .bss               zero     0x2803'4bd0      0x40  lw_eth.o [1]
  .bss               zero     0x2803'4c10      0x40  lw_eth.o [1]
  .bss               zero     0x2803'4c50      0x40  lw_eth.o [1]
  .bss               zero     0x2803'4c90      0x40  lw_eth.o [1]
  .bss               zero     0x2803'4cd0      0x18  cy_sysclk.o [26]
  .bss               zero     0x2803'4ce8      0x18  cy_syslib.o [29]
  .bss               zero     0x2803'4d00       0xc  lw_eth.o [1]
  .bss               zero     0x2803'4d0c       0xc  lw_eth.o [1]
  .bss               zero     0x2803'4d18       0x8  lw_eth.o [1]
  .bss               zero     0x2803'4d20       0x8  lw_eth.o [1]
  .bss               zero     0x2803'4d28       0x8  lw_eth.o [1]
  .bss               zero     0x2803'4d30       0x8  lw_eth.o [1]
  .bss               zero     0x2803'4d38       0x4  cy_syslib.o [29]
  .bss               zero     0x2803'4d3c       0x4  system_tviibh8m_cm7.o [48]
  .bss               zero     0x2803'4d40       0x4  system_tviibh8m_cm7.o [48]
  .bss               zero     0x2803'4d44       0x4  system_tviibh8m_cm7.o [48]
  .bss               zero     0x2803'4d48       0x4  system_tviibh8m_cm7.o [48]
  .bss               zero     0x2803'4d4c       0x4  system_tviibh8m_cm7.o [48]
  .bss               zero     0x2803'4d50       0x1  cy_sysclk.o [26]
                            - 0x2803'4d51  0x1'3c85

"P2", part 3 of 3:                             0x80
  .intvec_ram        uninit   0x2803'4d80      0x80  startup_cm7.o [47]
                            - 0x2803'4e00      0x80

"A1":                                        0x2000
  HEAP_STACK                  0x2807'e000    0x2000  <Block>
    CSTACK                    0x2807'e000    0x2000  <Block>
      CSTACK         uninit   0x2807'e000    0x2000  <Block tail>
                            - 0x2808'0000    0x2000

Unused ranges:

         From           To       Size
         ----           --       ----
  0x1008'2ab4  0x1027'ffff  0x1f'd54c
  0x2802'10ca  0x2802'10cb        0x2
  0x2803'4d54  0x2803'4d7f       0x2c
  0x2803'4e00  0x2807'dfff   0x4'9200


*******************************************************************************
*** INIT TABLE
***

          Address      Size
          -------      ----
Zero (__iar_zero_init3)
    1 destination range, total size 0x1'3c85:
          0x2802'10cc  0x1'3c85

Copy/lz77 (__iar_lz77_init_single3)
    1 source range, total size 0x67 (2% of destination):
          0x1008'2844      0x67
    1 destination range, total size 0x10ca:
          0x2802'0000    0x10ca



*******************************************************************************
*** MODULE SUMMARY
***

    Module                 ro code  ro data  rw data
    ------                 -------  -------  -------
command line/config:
    ------------------------------------------------
    Total:

C:\T2G_Sample_Driver_Library_8.1.0\tviibh8m\tools\iar\flash\cm7_0_mc\rev_d\Obj\lw_eth_drivers: [1]
    lw_eth.o                 2'684      280   80'744
    ------------------------------------------------
    Total:                   2'684      280   80'744

C:\T2G_Sample_Driver_Library_8.1.0\tviibh8m\tools\iar\flash\cm7_0_mc\rev_d\Obj\src: [2]
    main_cm7_0.o               908       49    2'126
    ------------------------------------------------
    Total:                     908       49    2'126

C:\T2G_Sample_Driver_Library_8.1.0\tviibh8m\tools\iar\flash\cm7_0_mc\rev_d\Obj\src\drivers\adc: [3]
    ------------------------------------------------
    Total:

C:\T2G_Sample_Driver_Library_8.1.0\tviibh8m\tools\iar\flash\cm7_0_mc\rev_d\Obj\src\drivers\audioss: [4]
    ------------------------------------------------
    Total:

C:\T2G_Sample_Driver_Library_8.1.0\tviibh8m\tools\iar\flash\cm7_0_mc\rev_d\Obj\src\drivers\canfd: [5]
    ------------------------------------------------
    Total:

C:\T2G_Sample_Driver_Library_8.1.0\tviibh8m\tools\iar\flash\cm7_0_mc\rev_d\Obj\src\drivers\cpu: [6]
    ------------------------------------------------
    Total:

C:\T2G_Sample_Driver_Library_8.1.0\tviibh8m\tools\iar\flash\cm7_0_mc\rev_d\Obj\src\drivers\crypto: [7]
    ------------------------------------------------
    Total:

C:\T2G_Sample_Driver_Library_8.1.0\tviibh8m\tools\iar\flash\cm7_0_mc\rev_d\Obj\src\drivers\dma: [8]
    ------------------------------------------------
    Total:

C:\T2G_Sample_Driver_Library_8.1.0\tviibh8m\tools\iar\flash\cm7_0_mc\rev_d\Obj\src\drivers\ethernet: [9]
    ------------------------------------------------
    Total:

C:\T2G_Sample_Driver_Library_8.1.0\tviibh8m\tools\iar\flash\cm7_0_mc\rev_d\Obj\src\drivers\evtgen: [10]
    ------------------------------------------------
    Total:

C:\T2G_Sample_Driver_Library_8.1.0\tviibh8m\tools\iar\flash\cm7_0_mc\rev_d\Obj\src\drivers\flash: [11]
    ------------------------------------------------
    Total:

C:\T2G_Sample_Driver_Library_8.1.0\tviibh8m\tools\iar\flash\cm7_0_mc\rev_d\Obj\src\drivers\flexray\api: [12]
    ------------------------------------------------
    Total:

C:\T2G_Sample_Driver_Library_8.1.0\tviibh8m\tools\iar\flash\cm7_0_mc\rev_d\Obj\src\drivers\flexray\ccal: [13]
    ------------------------------------------------
    Total:

C:\T2G_Sample_Driver_Library_8.1.0\tviibh8m\tools\iar\flash\cm7_0_mc\rev_d\Obj\src\drivers\gpio: [14]
    cy_gpio.o                  424
    ------------------------------------------------
    Total:                     424

C:\T2G_Sample_Driver_Library_8.1.0\tviibh8m\tools\iar\flash\cm7_0_mc\rev_d\Obj\src\drivers\ipc: [15]
    ------------------------------------------------
    Total:

C:\T2G_Sample_Driver_Library_8.1.0\tviibh8m\tools\iar\flash\cm7_0_mc\rev_d\Obj\src\drivers\lin: [16]
    ------------------------------------------------
    Total:

C:\T2G_Sample_Driver_Library_8.1.0\tviibh8m\tools\iar\flash\cm7_0_mc\rev_d\Obj\src\drivers\lvd: [17]
    ------------------------------------------------
    Total:

C:\T2G_Sample_Driver_Library_8.1.0\tviibh8m\tools\iar\flash\cm7_0_mc\rev_d\Obj\src\drivers\mcwdt: [18]
    ------------------------------------------------
    Total:

C:\T2G_Sample_Driver_Library_8.1.0\tviibh8m\tools\iar\flash\cm7_0_mc\rev_d\Obj\src\drivers\mpu: [19]
    ------------------------------------------------
    Total:

C:\T2G_Sample_Driver_Library_8.1.0\tviibh8m\tools\iar\flash\cm7_0_mc\rev_d\Obj\src\drivers\prot: [20]
    ------------------------------------------------
    Total:

C:\T2G_Sample_Driver_Library_8.1.0\tviibh8m\tools\iar\flash\cm7_0_mc\rev_d\Obj\src\drivers\scb: [21]
    ------------------------------------------------
    Total:

C:\T2G_Sample_Driver_Library_8.1.0\tviibh8m\tools\iar\flash\cm7_0_mc\rev_d\Obj\src\drivers\sd_host: [22]
    ------------------------------------------------
    Total:

C:\T2G_Sample_Driver_Library_8.1.0\tviibh8m\tools\iar\flash\cm7_0_mc\rev_d\Obj\src\drivers\smartio: [23]
    ------------------------------------------------
    Total:

C:\T2G_Sample_Driver_Library_8.1.0\tviibh8m\tools\iar\flash\cm7_0_mc\rev_d\Obj\src\drivers\smif: [24]
    ------------------------------------------------
    Total:

C:\T2G_Sample_Driver_Library_8.1.0\tviibh8m\tools\iar\flash\cm7_0_mc\rev_d\Obj\src\drivers\srom: [25]
    ------------------------------------------------
    Total:

C:\T2G_Sample_Driver_Library_8.1.0\tviibh8m\tools\iar\flash\cm7_0_mc\rev_d\Obj\src\drivers\sysclk: [26]
    cy_sysclk.o              2'280      152       25
    ------------------------------------------------
    Total:                   2'280      152       25

C:\T2G_Sample_Driver_Library_8.1.0\tviibh8m\tools\iar\flash\cm7_0_mc\rev_d\Obj\src\drivers\sysflt: [27]
    ------------------------------------------------
    Total:

C:\T2G_Sample_Driver_Library_8.1.0\tviibh8m\tools\iar\flash\cm7_0_mc\rev_d\Obj\src\drivers\sysint: [28]
    cy_sysint.o                172        8
    ------------------------------------------------
    Total:                     172        8

C:\T2G_Sample_Driver_Library_8.1.0\tviibh8m\tools\iar\flash\cm7_0_mc\rev_d\Obj\src\drivers\syslib: [29]
    cy_syslib.o                202               140
    cy_syslib_iar.o             30
    ------------------------------------------------
    Total:                     232               140

C:\T2G_Sample_Driver_Library_8.1.0\tviibh8m\tools\iar\flash\cm7_0_mc\rev_d\Obj\src\drivers\syspm: [30]
    ------------------------------------------------
    Total:

C:\T2G_Sample_Driver_Library_8.1.0\tviibh8m\tools\iar\flash\cm7_0_mc\rev_d\Obj\src\drivers\sysreghc: [31]
    ------------------------------------------------
    Total:

C:\T2G_Sample_Driver_Library_8.1.0\tviibh8m\tools\iar\flash\cm7_0_mc\rev_d\Obj\src\drivers\sysreset: [32]
    ------------------------------------------------
    Total:

C:\T2G_Sample_Driver_Library_8.1.0\tviibh8m\tools\iar\flash\cm7_0_mc\rev_d\Obj\src\drivers\sysrtc: [33]
    ------------------------------------------------
    Total:

C:\T2G_Sample_Driver_Library_8.1.0\tviibh8m\tools\iar\flash\cm7_0_mc\rev_d\Obj\src\drivers\systick: [34]
    ------------------------------------------------
    Total:

C:\T2G_Sample_Driver_Library_8.1.0\tviibh8m\tools\iar\flash\cm7_0_mc\rev_d\Obj\src\drivers\syswdt: [35]
    ------------------------------------------------
    Total:

C:\T2G_Sample_Driver_Library_8.1.0\tviibh8m\tools\iar\flash\cm7_0_mc\rev_d\Obj\src\drivers\tcpwm: [36]
    ------------------------------------------------
    Total:

C:\T2G_Sample_Driver_Library_8.1.0\tviibh8m\tools\iar\flash\cm7_0_mc\rev_d\Obj\src\drivers\trigmux: [37]
    ------------------------------------------------
    Total:

C:\T2G_Sample_Driver_Library_8.1.0\tviibh8m\tools\iar\flash\cm7_0_mc\rev_d\Obj\src\interrupts\rev_d: [38]
    cy_interrupt_map.o         408       86    2'272
    ------------------------------------------------
    Total:                     408       86    2'272

C:\T2G_Sample_Driver_Library_8.1.0\tviibh8m\tools\iar\flash\cm7_0_mc\rev_d\Obj\src\mw\aic261: [39]
    ------------------------------------------------
    Total:

C:\T2G_Sample_Driver_Library_8.1.0\tviibh8m\tools\iar\flash\cm7_0_mc\rev_d\Obj\src\mw\button: [40]
    ------------------------------------------------
    Total:

C:\T2G_Sample_Driver_Library_8.1.0\tviibh8m\tools\iar\flash\cm7_0_mc\rev_d\Obj\src\mw\eth_phy: [41]
    ------------------------------------------------
    Total:

C:\T2G_Sample_Driver_Library_8.1.0\tviibh8m\tools\iar\flash\cm7_0_mc\rev_d\Obj\src\mw\flash: [42]
    ------------------------------------------------
    Total:

C:\T2G_Sample_Driver_Library_8.1.0\tviibh8m\tools\iar\flash\cm7_0_mc\rev_d\Obj\src\mw\power: [43]
    ------------------------------------------------
    Total:

C:\T2G_Sample_Driver_Library_8.1.0\tviibh8m\tools\iar\flash\cm7_0_mc\rev_d\Obj\src\mw\semihosting: [44]
    ------------------------------------------------
    Total:

C:\T2G_Sample_Driver_Library_8.1.0\tviibh8m\tools\iar\flash\cm7_0_mc\rev_d\Obj\src\mw\smif_mem: [45]
    ------------------------------------------------
    Total:

C:\T2G_Sample_Driver_Library_8.1.0\tviibh8m\tools\iar\flash\cm7_0_mc\rev_d\Obj\src\mw\sw_timer: [46]
    ------------------------------------------------
    Total:

C:\T2G_Sample_Driver_Library_8.1.0\tviibh8m\tools\iar\flash\cm7_0_mc\rev_d\Obj\src\startup: [47]
    startup.o                  516       24
    startup_cm7.o              442               128
    ------------------------------------------------
    Total:                     958       24      128

C:\T2G_Sample_Driver_Library_8.1.0\tviibh8m\tools\iar\flash\cm7_0_mc\rev_d\Obj\src\system\rev_d: [48]
    system_tviibh8m_cm7.o      336      108       20
    ------------------------------------------------
    Total:                     336      108       20

dl7M_tln.a: [49]
    exit.o                       4
    ------------------------------------------------
    Total:                       4

m7M_tlv.a: [50]
    fpinit_M.o                  34
    ------------------------------------------------
    Total:                      34

rt7M_tl.a: [51]
    ABImemcpy.o                134
    ABImemset.o                102
    I64DivMod.o                560
    I64DivZer.o                  2
    cexit.o                     10
    cmain.o                     30
    cstartup_M.o                28
    data_init.o                 40
    lz77_init_single.o         126
    strncpy.o                  112
    zero_init3.o                56
    ------------------------------------------------
    Total:                   1'200

shb_l.a: [52]
    exit.o                      20
    ------------------------------------------------
    Total:                      20

    Gaps                        10        2
    Linker created                       32    8'192
----------------------------------------------------
    Grand Total:             9'670      741   93'647


*******************************************************************************
*** ENTRY LIST
***

Entry                       Address    Size  Type      Object
-----                       -------    ----  ----      ------
.iar.init_table$$Base   0x1008'2614           --   Gb  - Linker created -
.iar.init_table$$Limit  0x1008'2634           --   Gb  - Linker created -
?main                   0x1008'2655          Code  Gb  cmain.o [51]
BusFault_Handler        0x1008'2811          Code  Wk  startup_cm7.o [47]
CSTACK$$Base            0x2807'e000           --   Gb  - Linker created -
CSTACK$$Limit           0x2808'0000           --   Gb  - Linker created -
Check_Dp83825i_LinkStatus
                        0x1008'1b57    0x1a  Code  Lc  main_cm7_0.o [2]
CopyVectorTable         0x1008'21b1    0x34  Code  Lc  startup.o [47]
CpuUserInt0_Handler     0x1008'2233    0x26  Code  Gb  cy_interrupt_map.o [38]
CpuUserInt10_Handler    0x1008'282d          Code  Wk  startup_cm7.o [47]
CpuUserInt11_Handler    0x1008'2831          Code  Wk  startup_cm7.o [47]
CpuUserInt12_Handler    0x1008'2835          Code  Wk  startup_cm7.o [47]
CpuUserInt13_Handler    0x1008'2839          Code  Wk  startup_cm7.o [47]
CpuUserInt14_Handler    0x1008'283d          Code  Wk  startup_cm7.o [47]
CpuUserInt15_Handler    0x1008'2841          Code  Wk  startup_cm7.o [47]
CpuUserInt1_Handler     0x1008'2259    0x26  Code  Gb  cy_interrupt_map.o [38]
CpuUserInt2_Handler     0x1008'227f    0x26  Code  Gb  cy_interrupt_map.o [38]
CpuUserInt3_Handler     0x1008'22a5    0x26  Code  Gb  cy_interrupt_map.o [38]
CpuUserInt4_Handler     0x1008'22cb    0x26  Code  Gb  cy_interrupt_map.o [38]
CpuUserInt5_Handler     0x1008'22f1    0x26  Code  Gb  cy_interrupt_map.o [38]
CpuUserInt6_Handler     0x1008'2317    0x26  Code  Gb  cy_interrupt_map.o [38]
CpuUserInt7_Handler     0x1008'233d    0x26  Code  Gb  cy_interrupt_map.o [38]
CpuUserInt8_Handler     0x1008'2825          Code  Wk  startup_cm7.o [47]
CpuUserInt9_Handler     0x1008'2829          Code  Wk  startup_cm7.o [47]
Cy_App_Init_EthernetPortpins
                        0x1008'1a91    0x64  Code  Lc  main_cm7_0.o [2]
Cy_DefaultUserHandler   0x1008'2231     0x2  Code  Gb  cy_interrupt_map.o [38]
Cy_GPIO_ClearInterrupt  0x1008'1e8f     0xe  Code  Lc  cy_gpio.o [14]
Cy_GPIO_Inv             0x1008'192d     0xa  Code  Lc  main_cm7_0.o [2]
Cy_GPIO_Pin_Init        0x1008'1ed7    0x72  Code  Gb  cy_gpio.o [14]
Cy_GPIO_SetDriveSel     0x1008'1e6f    0x20  Code  Lc  cy_gpio.o [14]
Cy_GPIO_SetDrivemode    0x1008'1e19    0x1e  Code  Lc  cy_gpio.o [14]
Cy_GPIO_SetHSIOM        0x1008'1dad    0x54  Code  Lc  cy_gpio.o [14]
Cy_GPIO_SetInterruptEdge
                        0x1008'1eb9    0x1e  Code  Lc  cy_gpio.o [14]
Cy_GPIO_SetInterruptMask
                        0x1008'1e9d    0x1c  Code  Lc  cy_gpio.o [14]
Cy_GPIO_SetSlewRate     0x1008'1e53    0x1c  Code  Lc  cy_gpio.o [14]
Cy_GPIO_SetVtrip        0x1008'1e37    0x1c  Code  Lc  cy_gpio.o [14]
Cy_GPIO_Write           0x1008'1e01    0x18  Code  Lc  cy_gpio.o [14]
Cy_RestoreIRQ           0x1008'2009          Code  Gb  startup_cm7.o [47]
Cy_SaveIRQ              0x1008'2001          Code  Gb  startup_cm7.o [47]
Cy_SysClk_ClkPathGetSource
                        0x1008'0e25    0x54  Code  Gb  cy_sysclk.o [26]
Cy_SysClk_EcoGetStatus  0x1008'0cb1    0x1a  Code  Lc  cy_sysclk.o [26]
Cy_SysClk_Fast0ClkGetDivider
                        0x1008'0df9    0x16  Code  Lc  cy_sysclk.o [26]
Cy_SysClk_Fast1ClkGetDivider
                        0x1008'0e0f    0x16  Code  Lc  cy_sysclk.o [26]
Cy_SysClk_FllGetConfiguration
                        0x1008'0e81    0x7e  Code  Gb  cy_sysclk.o [26]
Cy_SysClk_FllGetLockStatus
                        0x1008'0ccb     0xc  Code  Lc  cy_sysclk.o [26]
Cy_SysClk_GetCoreFrequency
                        0x1008'1545    0x2a  Code  Gb  cy_sysclk.o [26]
Cy_SysClk_GetEcoFrequency
                        0x1008'104d    0x32  Code  Gb  cy_sysclk.o [26]
Cy_SysClk_GetExtFrequency
                        0x1008'1081    0x1e  Code  Gb  cy_sysclk.o [26]
Cy_SysClk_GetFast0Frequency
                        0x1008'1499    0x56  Code  Gb  cy_sysclk.o [26]
Cy_SysClk_GetFast1Frequency
                        0x1008'14ef    0x56  Code  Gb  cy_sysclk.o [26]
Cy_SysClk_GetFllInputFrequency
                        0x1008'11a1     0xc  Code  Gb  cy_sysclk.o [26]
Cy_SysClk_GetFllOutputFrequency
                        0x1008'11c9    0x78  Code  Gb  cy_sysclk.o [26]
Cy_SysClk_GetHfClkFrequency
                        0x1008'141b    0x7a  Code  Gb  cy_sysclk.o [26]
Cy_SysClk_GetIlo0Frequency
                        0x1008'109f    0x32  Code  Gb  cy_sysclk.o [26]
Cy_SysClk_GetIlo1Frequency
                        0x1008'10d1    0x32  Code  Gb  cy_sysclk.o [26]
Cy_SysClk_GetImoFrequency
                        0x1008'101b    0x32  Code  Gb  cy_sysclk.o [26]
Cy_SysClk_GetPathFrequency
                        0x1008'13e9    0x32  Code  Gb  cy_sysclk.o [26]
Cy_SysClk_GetPathSourceFrequency
                        0x1008'113d    0x64  Code  Gb  cy_sysclk.o [26]
Cy_SysClk_GetPll400MNo  0x1008'0d15    0x14  Code  Lc  cy_sysclk.o [26]
Cy_SysClk_GetPllInputFrequency
                        0x1008'11ad    0x1c  Code  Gb  cy_sysclk.o [26]
Cy_SysClk_GetPllNo      0x1008'0cd9    0x12  Code  Lc  cy_sysclk.o [26]
Cy_SysClk_GetPllOutputFrequency
                        0x1008'1245   0x1a0  Code  Gb  cy_sysclk.o [26]
Cy_SysClk_GetWcoFrequency
                        0x1008'1103    0x32  Code  Gb  cy_sysclk.o [26]
Cy_SysClk_HfClockGetDivider
                        0x1008'0db7    0x42  Code  Lc  cy_sysclk.o [26]
Cy_SysClk_HfClockGetSource
                        0x1008'0d63    0x54  Code  Lc  cy_sysclk.o [26]
Cy_SysClk_InitGetFreqParams
                        0x1008'1001    0x1a  Code  Gb  cy_sysclk.o [26]
Cy_SysClk_Pll400MGetConfiguration
                        0x1008'0f6d    0x84  Code  Gb  cy_sysclk.o [26]
Cy_SysClk_Pll400MGetLockStatus
                        0x1008'0d29    0x2a  Code  Lc  cy_sysclk.o [26]
Cy_SysClk_PllGetConfiguration
                        0x1008'0f19    0x48  Code  Gb  cy_sysclk.o [26]
Cy_SysClk_PllGetLockStatus
                        0x1008'0ceb    0x28  Code  Lc  cy_sysclk.o [26]
Cy_SysClk_WcoOkay       0x1008'0d55     0xe  Code  Lc  cy_sysclk.o [26]
Cy_SysInt_InitIRQ       0x1008'1f55    0x7e  Code  Gb  cy_sysint.o [28]
Cy_SysInt_SetSystemIrqVector
                        0x1008'1fd3    0x12  Code  Gb  cy_sysint.o [28]
Cy_SysInt_SystemIrqUserTableRamPointer
                        0x2802'0ebc     0x4  Data  Gb  cy_interrupt_map.o [38]
Cy_SysLib_DelayCycles   0x1008'0c91          Code  Gb  cy_syslib_iar.o [29]
Cy_SysLib_DelayUs       0x1008'0b6d    0x10  Code  Gb  cy_syslib.o [29]
Cy_SysLib_EnterCriticalSection
                        0x1008'0ca1          Code  Gb  cy_syslib_iar.o [29]
Cy_SysLib_ExitCriticalSection
                        0x1008'0ca9          Code  Gb  cy_syslib_iar.o [29]
Cy_SysLib_FaultHandler  0x1008'0b81    0x90  Code  Gb  cy_syslib.o [29]
Cy_SysLib_Halt          0x1008'0b7d     0x4  Code  Gb  cy_syslib.o [29]
Cy_SysLib_ProcessingFault
                        0x1008'0caf     0x2  Code  Wk  cy_syslib.o [29]
Cy_SysLib_SvcHandler    0x1008'2795     0xc  Code  Wk  cy_syslib.o [29]
Cy_SystemInitFpuEnable  0x1008'1d4d    0x1e  Code  Gb  system_tviibh8m_cm7.o [48]
Cy_SystemIrqUserTable   0x2802'05e0   0x8dc  Data  Gb  cy_interrupt_map.o [38]
Cy_u32StartupStackEndAddress
                        0x1008'2458          Data  Gb  startup_cm7.o [47]
Cy_u32StartupStackStartAddress
                        0x1008'2454          Data  Gb  startup_cm7.o [47]
DebugMon_Handler        0x1008'2819          Code  Wk  startup_cm7.o [47]
ETH0Config              0x2803'493c    0x64  Data  Lc  main_cm7_0.o [2]
GigEthQ0Handler         0x1008'1ba5    0x48  Code  Gb  main_cm7_0.o [2]
HEAP_STACK$$Base        0x2807'e000           --   Gb  - Linker created -
HEAP_STACK$$Limit       0x2808'0000           --   Gb  - Linker created -
HardFault_Handler       0x1008'2635          Code  Wk  startup_cm7.o [47]
InitPHY_Dp83825i        0x1008'1af5    0x62  Code  Lc  main_cm7_0.o [2]
InitRamEcc              0x1008'209f   0x100  Code  Lc  startup.o [47]
InitRamEccClearArea     0x1008'219f    0x12  Code  Lc  startup.o [47]
Lw_Eth_ClearEthInterruptStatus
                        0x1008'0a65    0x3c  Code  Gb  lw_eth.o [1]
Lw_Eth_FreeReceiveDescriptor
                        0x1008'09ed    0x38  Code  Gb  lw_eth.o [1]
Lw_Eth_GetEthInterruptStatus
                        0x1008'0a29    0x38  Code  Gb  lw_eth.o [1]
Lw_Eth_GetMaxRxDescNum  0x1008'08dd     0xa  Code  Gb  lw_eth.o [1]
Lw_Eth_GetMaxTxDescNum  0x1008'071d     0xa  Code  Gb  lw_eth.o [1]
Lw_Eth_GetPointerToRxDesc
                        0x1008'08e7     0xe  Code  Lc  lw_eth.o [1]
Lw_Eth_GetPointerToTxDesc
                        0x1008'0727     0xe  Code  Lc  lw_eth.o [1]
Lw_Eth_Init             0x1008'0081   0x216  Code  Gb  lw_eth.o [1]
Lw_Eth_InitEthQueue     0x1008'05fb    0x24  Code  Gb  lw_eth.o [1]
Lw_Eth_InitEthRxQueue   0x1008'04df   0x11c  Code  Gb  lw_eth.o [1]
Lw_Eth_InitEthTxQueue   0x1008'0419    0xc6  Code  Gb  lw_eth.o [1]
Lw_Eth_InitEther        0x1008'061f    0xfe  Code  Gb  lw_eth.o [1]
Lw_Eth_InitTimestampUnit
                        0x1008'0379    0xa0  Code  Lc  lw_eth.o [1]
Lw_Eth_PhyRead          0x1008'030d    0x6c  Code  Gb  lw_eth.o [1]
Lw_Eth_PhyWrite         0x1008'0297    0x76  Code  Gb  lw_eth.o [1]
Lw_Eth_ReceiveEthFrame  0x1008'08f5    0xe6  Code  Gb  lw_eth.o [1]
Lw_Eth_TransmitEthFrame
                        0x1008'0735   0x19c  Code  Gb  lw_eth.o [1]
MemManage_Handler       0x1008'280d          Code  Wk  startup_cm7.o [47]
NMI_Handler             0x1008'2809          Code  Wk  startup_cm7.o [47]
PendSV_Handler          0x1008'281d          Code  Wk  startup_cm7.o [47]
Phy_Dp83825i_MDIO_validation
                        0x1008'1b71    0x34  Code  Lc  main_cm7_0.o [2]
Region$$Table$$Base     0x1008'2614           --   Gb  - Linker created -
Region$$Table$$Limit    0x1008'2634           --   Gb  - Linker created -
Reset_Handler           0x1008'23ad          Code  Wk  startup_cm7.o [47]
SVC_Handler             0x1008'269d          Code  Wk  startup_cm7.o [47]
Startup_Init            0x1008'2011    0x8e  Code  Gb  startup.o [47]
SysTick_Handler         0x1008'2821          Code  Wk  startup_cm7.o [47]
SystemCoreClock         0x2803'4d3c     0x4  Data  Gb  system_tviibh8m_cm7.o [48]
SystemCoreClockUpdate   0x1008'1cb9    0x94  Code  Gb  system_tviibh8m_cm7.o [48]
SystemInit              0x1008'1c5d    0x5c  Code  Gb  system_tviibh8m_cm7.o [48]
UsageFault_Handler      0x1008'2815          Code  Wk  startup_cm7.o [47]
__NVIC_ClearPendingIRQ  0x1008'2215    0x1c  Code  Lc  cy_interrupt_map.o [38]
__NVIC_ClearPendingIRQ  0x1008'18ed    0x1c  Code  Lc  main_cm7_0.o [2]
__NVIC_EnableIRQ        0x1008'18d1    0x1c  Code  Lc  main_cm7_0.o [2]
__NVIC_SetPriority      0x1008'1909    0x24  Code  Lc  main_cm7_0.o [2]
__Vectors               0x1008'0000           --   Gb  startup_cm7.o [47]
__Vectors_End           0x1008'0080          Data  Gb  startup_cm7.o [47]
__Vectors_Size {Abs}           0x80           --   Gb  startup_cm7.o [47]
__aeabi_ldiv0           0x1008'18cd          Code  Gb  I64DivZer.o [51]
__aeabi_memcpy4         0x1008'1599          Code  Gb  ABImemcpy.o [51]
__aeabi_memcpy8         0x1008'1599          Code  Gb  ABImemcpy.o [51]
__aeabi_memset          0x1008'0c29          Code  Gb  ABImemset.o [51]
__aeabi_uldivmod        0x1008'169d          Code  Gb  I64DivMod.o [51]
__cmain                 0x1008'2655          Code  Gb  cmain.o [51]
__ecc_init_dtcm_end_address {Abs}
                        0x2000'3fff          Data  Gb  <internal module>
__ecc_init_dtcm_start_address {Abs}
                        0x2000'0000          Data  Gb  <internal module>
__ecc_init_itcm_end_address {Abs}
                             0x3fff          Data  Gb  <internal module>
__ecc_init_itcm_start_address {Abs}
                                0x0          Data  Gb  <internal module>
__ecc_init_sram_end_address {Abs}
                        0x2807'ffff          Data  Gb  <internal module>
__ecc_init_sram_start_address {Abs}
                        0x2802'0000          Data  Gb  <internal module>
__exit                  0x1008'2689    0x14  Code  Gb  exit.o [52]
__iar_Memset            0x1008'0c29          Code  Gb  ABImemset.o [51]
__iar_Memset_word       0x1008'0c31          Code  Gb  ABImemset.o [51]
__iar_data_init3        0x1008'25c9    0x28  Code  Gb  data_init.o [51]
__iar_init_vfp          0x1008'25f1          Code  Gb  fpinit_M.o [50]
__iar_lz77_init_single3
                        0x1008'161f    0x7e  Code  Gb  lz77_init_single.o [51]
__iar_program_start     0x1008'26b9          Code  Gb  cstartup_M.o [51]
__iar_zero_init3        0x1008'2591    0x38  Code  Gb  zero_init3.o [51]
__low_level_init        0x1008'2675          Code  Gb  startup_cm7.o [47]
__ramVectors            0x2803'4d80          Data  Gb  startup_cm7.o [47]
__vector_table          0x1008'0000          Data  Gb  startup_cm7.o [47]
__vector_table_0x1c     0x1008'001c          Data  Gb  startup_cm7.o [47]
_call_main              0x1008'2661          Code  Gb  cmain.o [51]
_exit                   0x1008'267d          Code  Gb  cexit.o [51]
cy_assertFileName       0x2803'4ce8    0x18  Data  Gb  cy_syslib.o [29]
cy_assertLine           0x2803'4d38     0x4  Data  Gb  cy_syslib.o [29]
cy_delay32kMs           0x2803'4d4c     0x4  Data  Gb  system_tviibh8m_cm7.o [48]
cy_delayFreqHz          0x2803'4d40     0x4  Data  Gb  system_tviibh8m_cm7.o [48]
cy_delayFreqKhz         0x2803'4d44     0x4  Data  Gb  system_tviibh8m_cm7.o [48]
cy_delayFreqMhz         0x2803'4d48     0x4  Data  Gb  system_tviibh8m_cm7.o [48]
cy_faultFrame           0x2803'48cc    0x70  Data  Gb  cy_syslib.o [29]
ethx_mdc                0x2802'1060    0x34  Data  Gb  main_cm7_0.o [2]
ethx_mdio               0x2802'1094    0x34  Data  Gb  main_cm7_0.o [2]
ethx_refclk             0x2802'102c    0x34  Data  Gb  main_cm7_0.o [2]
ethx_rx0                0x2802'0f90    0x34  Data  Gb  main_cm7_0.o [2]
ethx_rx1                0x2802'0fc4    0x34  Data  Gb  main_cm7_0.o [2]
ethx_rxctl              0x2802'0ff8    0x34  Data  Gb  main_cm7_0.o [2]
ethx_tx0                0x2802'0ef4    0x34  Data  Gb  main_cm7_0.o [2]
ethx_tx1                0x2802'0f28    0x34  Data  Gb  main_cm7_0.o [2]
ethx_txctl              0x2802'0f5c    0x34  Data  Gb  main_cm7_0.o [2]
exit                    0x1008'2679     0x4  Code  Gb  exit.o [49]
g_Eth0_Q0_RxDescriptor  0x2803'49f0    0x50  Data  Gb  lw_eth.o [1]
g_Eth0_Q0_RxPacketBuffer
                        0x2802'10cc  0x3c00  Data  Gb  lw_eth.o [1]
g_Eth0_Q0_TxDescProcessID
                        0x2803'4d00     0xc  Data  Gb  lw_eth.o [1]
g_Eth0_Q0_TxDescriptor  0x2803'49a0    0x50  Data  Gb  lw_eth.o [1]
g_Eth0_Q1_RxDescriptor  0x2803'4b10    0x40  Data  Gb  lw_eth.o [1]
g_Eth0_Q1_RxPacketBuffer
                        0x2802'88cc  0x3000  Data  Gb  lw_eth.o [1]
g_Eth0_Q1_TxDescProcessID
                        0x2803'4d18     0x8  Data  Gb  lw_eth.o [1]
g_Eth0_Q1_TxDescriptor  0x2803'4a90    0x40  Data  Gb  lw_eth.o [1]
g_Eth0_Q2_RxDescriptor  0x2803'4b50    0x40  Data  Gb  lw_eth.o [1]
g_Eth0_Q2_RxPacketBuffer
                        0x2802'b8cc  0x3000  Data  Gb  lw_eth.o [1]
g_Eth0_Q2_TxDescProcessID
                        0x2803'4d20     0x8  Data  Gb  lw_eth.o [1]
g_Eth0_Q2_TxDescriptor  0x2803'4ad0    0x40  Data  Gb  lw_eth.o [1]
g_Eth1_Q0_RxDescriptor  0x2803'4a40    0x50  Data  Gb  lw_eth.o [1]
g_Eth1_Q0_RxPacketBuffer
                        0x2802'4ccc  0x3c00  Data  Gb  lw_eth.o [1]
g_Eth1_Q0_TxDescProcessID
                        0x2803'4d0c     0xc  Data  Gb  lw_eth.o [1]
g_Eth1_Q0_TxDescriptor  0x2803'4b90    0x40  Data  Gb  lw_eth.o [1]
g_Eth1_Q1_RxDescriptor  0x2803'4c50    0x40  Data  Gb  lw_eth.o [1]
g_Eth1_Q1_RxPacketBuffer
                        0x2802'e8cc  0x3000  Data  Gb  lw_eth.o [1]
g_Eth1_Q1_TxDescProcessID
                        0x2803'4d28     0x8  Data  Gb  lw_eth.o [1]
g_Eth1_Q1_TxDescriptor  0x2803'4bd0    0x40  Data  Gb  lw_eth.o [1]
g_Eth1_Q2_RxDescriptor  0x2803'4c90    0x40  Data  Gb  lw_eth.o [1]
g_Eth1_Q2_RxPacketBuffer
                        0x2803'18cc  0x3000  Data  Gb  lw_eth.o [1]
g_Eth1_Q2_TxDescProcessID
                        0x2803'4d30     0x8  Data  Gb  lw_eth.o [1]
g_Eth1_Q2_TxDescriptor  0x2803'4c10    0x40  Data  Gb  lw_eth.o [1]
g_RxDescNumTable        0x1008'26ec    0x18  Data  Gb  lw_eth.o [1]
g_RxDescPointerTable    0x1008'2734    0x18  Data  Gb  lw_eth.o [1]
g_RxPacketBufPointerTable
                        0x1008'274c    0x18  Data  Gb  lw_eth.o [1]
g_TxDescNumTable        0x1008'26d4    0x18  Data  Gb  lw_eth.o [1]
g_TxDescPointerTable    0x1008'2704    0x18  Data  Gb  lw_eth.o [1]
g_TxDescProcessIDPointerTable
                        0x1008'271c    0x18  Data  Gb  lw_eth.o [1]
intFreqInitialized      0x2803'4d50     0x1  Data  Gb  cy_sysclk.o [26]
interface_mode          0x2802'10c9     0x1  Data  Lc  main_cm7_0.o [2]
internalBaseFreqInfo    0x2803'4cd0    0x18  Data  Gb  cy_sysclk.o [26]
main                    0x1008'1937   0x15a  Code  Gb  main_cm7_0.o [2]
speed                   0x2802'10c8     0x1  Data  Lc  main_cm7_0.o [2]
strncpy                 0x1008'0afd          Code  Gb  strncpy.o [51]
u8DummyTxBuf            0x2802'0000   0x5e0  Data  Lc  main_cm7_0.o [2]
user_led_port_pin_cfg   0x2802'0ec0    0x34  Data  Gb  main_cm7_0.o [2]


[1] = C:\T2G_Sample_Driver_Library_8.1.0\tviibh8m\tools\iar\flash\cm7_0_mc\rev_d\Obj\lw_eth_drivers
[2] = C:\T2G_Sample_Driver_Library_8.1.0\tviibh8m\tools\iar\flash\cm7_0_mc\rev_d\Obj\src
[3] = C:\T2G_Sample_Driver_Library_8.1.0\tviibh8m\tools\iar\flash\cm7_0_mc\rev_d\Obj\src\drivers\adc
[4] = C:\T2G_Sample_Driver_Library_8.1.0\tviibh8m\tools\iar\flash\cm7_0_mc\rev_d\Obj\src\drivers\audioss
[5] = C:\T2G_Sample_Driver_Library_8.1.0\tviibh8m\tools\iar\flash\cm7_0_mc\rev_d\Obj\src\drivers\canfd
[6] = C:\T2G_Sample_Driver_Library_8.1.0\tviibh8m\tools\iar\flash\cm7_0_mc\rev_d\Obj\src\drivers\cpu
[7] = C:\T2G_Sample_Driver_Library_8.1.0\tviibh8m\tools\iar\flash\cm7_0_mc\rev_d\Obj\src\drivers\crypto
[8] = C:\T2G_Sample_Driver_Library_8.1.0\tviibh8m\tools\iar\flash\cm7_0_mc\rev_d\Obj\src\drivers\dma
[9] = C:\T2G_Sample_Driver_Library_8.1.0\tviibh8m\tools\iar\flash\cm7_0_mc\rev_d\Obj\src\drivers\ethernet
[10] = C:\T2G_Sample_Driver_Library_8.1.0\tviibh8m\tools\iar\flash\cm7_0_mc\rev_d\Obj\src\drivers\evtgen
[11] = C:\T2G_Sample_Driver_Library_8.1.0\tviibh8m\tools\iar\flash\cm7_0_mc\rev_d\Obj\src\drivers\flash
[12] = C:\T2G_Sample_Driver_Library_8.1.0\tviibh8m\tools\iar\flash\cm7_0_mc\rev_d\Obj\src\drivers\flexray\api
[13] = C:\T2G_Sample_Driver_Library_8.1.0\tviibh8m\tools\iar\flash\cm7_0_mc\rev_d\Obj\src\drivers\flexray\ccal
[14] = C:\T2G_Sample_Driver_Library_8.1.0\tviibh8m\tools\iar\flash\cm7_0_mc\rev_d\Obj\src\drivers\gpio
[15] = C:\T2G_Sample_Driver_Library_8.1.0\tviibh8m\tools\iar\flash\cm7_0_mc\rev_d\Obj\src\drivers\ipc
[16] = C:\T2G_Sample_Driver_Library_8.1.0\tviibh8m\tools\iar\flash\cm7_0_mc\rev_d\Obj\src\drivers\lin
[17] = C:\T2G_Sample_Driver_Library_8.1.0\tviibh8m\tools\iar\flash\cm7_0_mc\rev_d\Obj\src\drivers\lvd
[18] = C:\T2G_Sample_Driver_Library_8.1.0\tviibh8m\tools\iar\flash\cm7_0_mc\rev_d\Obj\src\drivers\mcwdt
[19] = C:\T2G_Sample_Driver_Library_8.1.0\tviibh8m\tools\iar\flash\cm7_0_mc\rev_d\Obj\src\drivers\mpu
[20] = C:\T2G_Sample_Driver_Library_8.1.0\tviibh8m\tools\iar\flash\cm7_0_mc\rev_d\Obj\src\drivers\prot
[21] = C:\T2G_Sample_Driver_Library_8.1.0\tviibh8m\tools\iar\flash\cm7_0_mc\rev_d\Obj\src\drivers\scb
[22] = C:\T2G_Sample_Driver_Library_8.1.0\tviibh8m\tools\iar\flash\cm7_0_mc\rev_d\Obj\src\drivers\sd_host
[23] = C:\T2G_Sample_Driver_Library_8.1.0\tviibh8m\tools\iar\flash\cm7_0_mc\rev_d\Obj\src\drivers\smartio
[24] = C:\T2G_Sample_Driver_Library_8.1.0\tviibh8m\tools\iar\flash\cm7_0_mc\rev_d\Obj\src\drivers\smif
[25] = C:\T2G_Sample_Driver_Library_8.1.0\tviibh8m\tools\iar\flash\cm7_0_mc\rev_d\Obj\src\drivers\srom
[26] = C:\T2G_Sample_Driver_Library_8.1.0\tviibh8m\tools\iar\flash\cm7_0_mc\rev_d\Obj\src\drivers\sysclk
[27] = C:\T2G_Sample_Driver_Library_8.1.0\tviibh8m\tools\iar\flash\cm7_0_mc\rev_d\Obj\src\drivers\sysflt
[28] = C:\T2G_Sample_Driver_Library_8.1.0\tviibh8m\tools\iar\flash\cm7_0_mc\rev_d\Obj\src\drivers\sysint
[29] = C:\T2G_Sample_Driver_Library_8.1.0\tviibh8m\tools\iar\flash\cm7_0_mc\rev_d\Obj\src\drivers\syslib
[30] = C:\T2G_Sample_Driver_Library_8.1.0\tviibh8m\tools\iar\flash\cm7_0_mc\rev_d\Obj\src\drivers\syspm
[31] = C:\T2G_Sample_Driver_Library_8.1.0\tviibh8m\tools\iar\flash\cm7_0_mc\rev_d\Obj\src\drivers\sysreghc
[32] = C:\T2G_Sample_Driver_Library_8.1.0\tviibh8m\tools\iar\flash\cm7_0_mc\rev_d\Obj\src\drivers\sysreset
[33] = C:\T2G_Sample_Driver_Library_8.1.0\tviibh8m\tools\iar\flash\cm7_0_mc\rev_d\Obj\src\drivers\sysrtc
[34] = C:\T2G_Sample_Driver_Library_8.1.0\tviibh8m\tools\iar\flash\cm7_0_mc\rev_d\Obj\src\drivers\systick
[35] = C:\T2G_Sample_Driver_Library_8.1.0\tviibh8m\tools\iar\flash\cm7_0_mc\rev_d\Obj\src\drivers\syswdt
[36] = C:\T2G_Sample_Driver_Library_8.1.0\tviibh8m\tools\iar\flash\cm7_0_mc\rev_d\Obj\src\drivers\tcpwm
[37] = C:\T2G_Sample_Driver_Library_8.1.0\tviibh8m\tools\iar\flash\cm7_0_mc\rev_d\Obj\src\drivers\trigmux
[38] = C:\T2G_Sample_Driver_Library_8.1.0\tviibh8m\tools\iar\flash\cm7_0_mc\rev_d\Obj\src\interrupts\rev_d
[39] = C:\T2G_Sample_Driver_Library_8.1.0\tviibh8m\tools\iar\flash\cm7_0_mc\rev_d\Obj\src\mw\aic261
[40] = C:\T2G_Sample_Driver_Library_8.1.0\tviibh8m\tools\iar\flash\cm7_0_mc\rev_d\Obj\src\mw\button
[41] = C:\T2G_Sample_Driver_Library_8.1.0\tviibh8m\tools\iar\flash\cm7_0_mc\rev_d\Obj\src\mw\eth_phy
[42] = C:\T2G_Sample_Driver_Library_8.1.0\tviibh8m\tools\iar\flash\cm7_0_mc\rev_d\Obj\src\mw\flash
[43] = C:\T2G_Sample_Driver_Library_8.1.0\tviibh8m\tools\iar\flash\cm7_0_mc\rev_d\Obj\src\mw\power
[44] = C:\T2G_Sample_Driver_Library_8.1.0\tviibh8m\tools\iar\flash\cm7_0_mc\rev_d\Obj\src\mw\semihosting
[45] = C:\T2G_Sample_Driver_Library_8.1.0\tviibh8m\tools\iar\flash\cm7_0_mc\rev_d\Obj\src\mw\smif_mem
[46] = C:\T2G_Sample_Driver_Library_8.1.0\tviibh8m\tools\iar\flash\cm7_0_mc\rev_d\Obj\src\mw\sw_timer
[47] = C:\T2G_Sample_Driver_Library_8.1.0\tviibh8m\tools\iar\flash\cm7_0_mc\rev_d\Obj\src\startup
[48] = C:\T2G_Sample_Driver_Library_8.1.0\tviibh8m\tools\iar\flash\cm7_0_mc\rev_d\Obj\src\system\rev_d
[49] = dl7M_tln.a
[50] = m7M_tlv.a
[51] = rt7M_tl.a
[52] = shb_l.a

   9'670 bytes of readonly  code memory
     741 bytes of readonly  data memory
  93'647 bytes of readwrite data memory

Errors: none
Warnings: none
